// Jest Snapshot v1, https://goo.gl/fbAQLP

exports[`renders correctly 1`] = `
<div
  class="flex flex-row mt-4"
>
  <h2
    class="flex-1 text-4xl text-left"
  >
    Harga Crypto dalam Rupiah Hari Ini
  </h2>
  <div
    className="ui big search"
    onBlur={[Function]}
    onFocus={[Function]}
    onMouseDown={[Function]}
  >
    <div
      className="ui icon input"
    >
      <input
        autoComplete="off"
        className="prompt"
        onChange={[Function]}
        onClick={[Function]}
        placeholder="Cari aset di Pintu..."
        tabIndex="0"
        type="text"
        value=""
      />
      <i
        aria-hidden="true"
        className="search icon"
        onClick={[Function]}
      />
    </div>
    <div
      className="results transition"
    >
      <div
        className="message empty"
      >
        <div
          className="header"
        >
          No results found.
        </div>
      </div>
    </div>
  </div>
</div>
`;
