// Jest Snapshot v1, https://goo.gl/fbAQLP

exports[`renders correctly 1`] = `
<tr
  className=""
>
  <td
    className=""
    scope="row"
  />
  <td
    className=""
  >
    <span
      class="font-bold text-xl"
    />
  </td>
  <td
    className=""
  >
    <span
      class="text-gray-500 text-xl"
    />
  </td>
  <td
    className=""
  >
    <span
      class="font-bold text-xl"
    >
      Rp NaN
    </span>
  </td>
  <td
    className=""
  >
    <div
      class="flex flex-row items-center"
    >
      <svg
        color="red"
        fill="currentColor"
        height="1em"
        stroke="currentColor"
        strokeWidth="0"
        style={
          {
            "color": "red",
          }
        }
        viewBox="0 0 512 512"
        width="1em"
        xmlns="http://www.w3.org/2000/svg"
      >
        <path
          d="M98 190.06l139.78 163.12a24 24 0 0036.44 0L414 190.06c13.34-15.57 2.28-39.62-18.22-39.62h-279.6c-20.5 0-31.56 24.05-18.18 39.62z"
        />
      </svg>
      <span
        className="font-bold text-xl text-red-600"
      />
    </div>
  </td>
  <td
    className=""
  >
    <div
      class="flex flex-row items-center"
    >
      <svg
        color="red"
        fill="currentColor"
        height="1em"
        stroke="currentColor"
        strokeWidth="0"
        style={
          {
            "color": "red",
          }
        }
        viewBox="0 0 512 512"
        width="1em"
        xmlns="http://www.w3.org/2000/svg"
      >
        <path
          d="M98 190.06l139.78 163.12a24 24 0 0036.44 0L414 190.06c13.34-15.57 2.28-39.62-18.22-39.62h-279.6c-20.5 0-31.56 24.05-18.18 39.62z"
        />
      </svg>
      <span
        className="font-bold text-xl text-red-600"
      />
    </div>
  </td>
  <td
    className=""
  >
    <div
      class="flex flex-row items-center"
    >
      <svg
        color="red"
        fill="currentColor"
        height="1em"
        stroke="currentColor"
        strokeWidth="0"
        style={
          {
            "color": "red",
          }
        }
        viewBox="0 0 512 512"
        width="1em"
        xmlns="http://www.w3.org/2000/svg"
      >
        <path
          d="M98 190.06l139.78 163.12a24 24 0 0036.44 0L414 190.06c13.34-15.57 2.28-39.62-18.22-39.62h-279.6c-20.5 0-31.56 24.05-18.18 39.62z"
        />
      </svg>
      <span
        className="font-bold text-xl text-red-600"
      />
    </div>
  </td>
  <td
    className=""
  >
    <div
      class="flex flex-row items-center"
    >
      <svg
        color="red"
        fill="currentColor"
        height="1em"
        stroke="currentColor"
        strokeWidth="0"
        style={
          {
            "color": "red",
          }
        }
        viewBox="0 0 512 512"
        width="1em"
        xmlns="http://www.w3.org/2000/svg"
      >
        <path
          d="M98 190.06l139.78 163.12a24 24 0 0036.44 0L414 190.06c13.34-15.57 2.28-39.62-18.22-39.62h-279.6c-20.5 0-31.56 24.05-18.18 39.62z"
        />
      </svg>
      <span
        className="font-bold text-xl text-red-600"
      />
    </div>
  </td>
</tr>
`;
